[0.074s] DEBUG:colcon:Command line arguments: ['/usr/bin/colcon', 'build', '--symlink-install']
[0.074s] DEBUG:colcon:Parsed command line arguments: Namespace(log_base=None, log_level=None, verb_name='build', build_base='build', install_base='install', merge_install=False, symlink_install=True, test_result_base=None, continue_on_error=False, executor='parallel', parallel_workers=12, event_handlers=None, ignore_user_meta=False, metas=['./colcon.meta'], base_paths=['.'], packages_ignore=None, packages_ignore_regex=None, paths=None, packages_up_to=None, packages_up_to_regex=None, packages_above=None, packages_above_and_dependencies=None, packages_above_depth=None, packages_select_by_dep=None, packages_skip_by_dep=None, packages_skip_up_to=None, packages_select_build_failed=False, packages_skip_build_finished=False, packages_select_test_failures=False, packages_skip_test_passed=False, packages_select=None, packages_skip=None, packages_select_regex=None, packages_skip_regex=None, packages_start=None, packages_end=None, allow_overriding=[], cmake_args=None, cmake_target=None, cmake_target_skip_unavailable=False, cmake_clean_cache=False, cmake_clean_first=False, cmake_force_configure=False, ament_cmake_args=None, catkin_cmake_args=None, catkin_skip_building_tests=False, mixin_files=None, mixin=None, verb_parser=<colcon_mixin.mixin.mixin_argument.MixinArgumentDecorator object at 0x7911a8ab1d30>, verb_extension=<colcon_core.verb.build.BuildVerb object at 0x7911a9482240>, main=<bound method BuildVerb.main of <colcon_core.verb.build.BuildVerb object at 0x7911a9482240>>, mixin_verb=('build',))
[0.185s] Level 1:colcon.colcon_core.package_discovery:discover_packages(colcon_meta) check parameters
[0.185s] Level 1:colcon.colcon_core.package_discovery:discover_packages(recursive) check parameters
[0.185s] Level 1:colcon.colcon_core.package_discovery:discover_packages(ignore) check parameters
[0.185s] Level 1:colcon.colcon_core.package_discovery:discover_packages(path) check parameters
[0.185s] Level 1:colcon.colcon_core.package_discovery:discover_packages(colcon_meta) discover
[0.186s] Level 1:colcon.colcon_core.package_discovery:discover_packages(recursive) discover
[0.186s] INFO:colcon.colcon_core.package_discovery:Crawling recursively for packages in '/home/andrewe9/ECE470Labs/lab_files'
[0.186s] Level 1:colcon.colcon_core.package_identification:_identify(.) by extensions ['ignore', 'ignore_ament_install']
[0.186s] Level 1:colcon.colcon_core.package_identification:_identify(.) by extension 'ignore'
[0.186s] Level 1:colcon.colcon_core.package_identification:_identify(.) by extension 'ignore_ament_install'
[0.186s] Level 1:colcon.colcon_core.package_identification:_identify(.) by extensions ['colcon_pkg']
[0.186s] Level 1:colcon.colcon_core.package_identification:_identify(.) by extension 'colcon_pkg'
[0.186s] Level 1:colcon.colcon_core.package_identification:_identify(.) by extensions ['colcon_meta']
[0.186s] Level 1:colcon.colcon_core.package_identification:_identify(.) by extension 'colcon_meta'
[0.186s] Level 1:colcon.colcon_core.package_identification:_identify(.) by extensions ['ros']
[0.186s] Level 1:colcon.colcon_core.package_identification:_identify(.) by extension 'ros'
[0.205s] Level 1:colcon.colcon_core.package_identification:_identify(.) by extensions ['cmake', 'python']
[0.205s] Level 1:colcon.colcon_core.package_identification:_identify(.) by extension 'cmake'
[0.205s] Level 1:colcon.colcon_core.package_identification:_identify(.) by extension 'python'
[0.205s] Level 1:colcon.colcon_core.package_identification:_identify(.) by extensions ['python_setup_py']
[0.205s] Level 1:colcon.colcon_core.package_identification:_identify(.) by extension 'python_setup_py'
[0.205s] Level 1:colcon.colcon_core.package_identification:_identify(build) by extensions ['ignore', 'ignore_ament_install']
[0.205s] Level 1:colcon.colcon_core.package_identification:_identify(build) by extension 'ignore'
[0.205s] Level 1:colcon.colcon_core.package_identification:_identify(build) ignored
[0.205s] Level 1:colcon.colcon_core.package_identification:_identify(install) by extensions ['ignore', 'ignore_ament_install']
[0.205s] Level 1:colcon.colcon_core.package_identification:_identify(install) by extension 'ignore'
[0.205s] Level 1:colcon.colcon_core.package_identification:_identify(install) ignored
[0.205s] Level 1:colcon.colcon_core.package_identification:_identify(log) by extensions ['ignore', 'ignore_ament_install']
[0.205s] Level 1:colcon.colcon_core.package_identification:_identify(log) by extension 'ignore'
[0.205s] Level 1:colcon.colcon_core.package_identification:_identify(log) ignored
[0.205s] Level 1:colcon.colcon_core.package_identification:_identify(src) by extensions ['ignore', 'ignore_ament_install']
[0.205s] Level 1:colcon.colcon_core.package_identification:_identify(src) by extension 'ignore'
[0.205s] Level 1:colcon.colcon_core.package_identification:_identify(src) by extension 'ignore_ament_install'
[0.206s] Level 1:colcon.colcon_core.package_identification:_identify(src) by extensions ['colcon_pkg']
[0.206s] Level 1:colcon.colcon_core.package_identification:_identify(src) by extension 'colcon_pkg'
[0.206s] Level 1:colcon.colcon_core.package_identification:_identify(src) by extensions ['colcon_meta']
[0.206s] Level 1:colcon.colcon_core.package_identification:_identify(src) by extension 'colcon_meta'
[0.206s] Level 1:colcon.colcon_core.package_identification:_identify(src) by extensions ['ros']
[0.206s] Level 1:colcon.colcon_core.package_identification:_identify(src) by extension 'ros'
[0.206s] Level 1:colcon.colcon_core.package_identification:_identify(src) by extensions ['cmake', 'python']
[0.206s] Level 1:colcon.colcon_core.package_identification:_identify(src) by extension 'cmake'
[0.206s] Level 1:colcon.colcon_core.package_identification:_identify(src) by extension 'python'
[0.206s] Level 1:colcon.colcon_core.package_identification:_identify(src) by extensions ['python_setup_py']
[0.206s] Level 1:colcon.colcon_core.package_identification:_identify(src) by extension 'python_setup_py'
[0.206s] Level 1:colcon.colcon_core.package_identification:_identify(src/ece470labs) by extensions ['ignore', 'ignore_ament_install']
[0.206s] Level 1:colcon.colcon_core.package_identification:_identify(src/ece470labs) by extension 'ignore'
[0.206s] Level 1:colcon.colcon_core.package_identification:_identify(src/ece470labs) by extension 'ignore_ament_install'
[0.206s] Level 1:colcon.colcon_core.package_identification:_identify(src/ece470labs) by extensions ['colcon_pkg']
[0.206s] Level 1:colcon.colcon_core.package_identification:_identify(src/ece470labs) by extension 'colcon_pkg'
[0.206s] Level 1:colcon.colcon_core.package_identification:_identify(src/ece470labs) by extensions ['colcon_meta']
[0.206s] Level 1:colcon.colcon_core.package_identification:_identify(src/ece470labs) by extension 'colcon_meta'
[0.206s] Level 1:colcon.colcon_core.package_identification:_identify(src/ece470labs) by extensions ['ros']
[0.206s] Level 1:colcon.colcon_core.package_identification:_identify(src/ece470labs) by extension 'ros'
[0.217s] DEBUG:colcon.colcon_core.package_identification:Package 'src/ece470labs' with type 'ros.ament_python' and name 'ece470labs'
[0.217s] Level 1:colcon.colcon_core.package_discovery:discover_packages(recursive) using defaults
[0.217s] Level 1:colcon.colcon_core.package_discovery:discover_packages(ignore) discover
[0.217s] Level 1:colcon.colcon_core.package_discovery:discover_packages(ignore) using defaults
[0.217s] Level 1:colcon.colcon_core.package_discovery:discover_packages(path) discover
[0.217s] Level 1:colcon.colcon_core.package_discovery:discover_packages(path) using defaults
[0.231s] Level 1:colcon.colcon_core.package_discovery:discover_packages(prefix_path) check parameters
[0.231s] Level 1:colcon.colcon_core.package_discovery:discover_packages(prefix_path) discover
[0.232s] Level 1:colcon.colcon_core.package_discovery:discover_packages(prefix_path) using defaults
[0.232s] Level 5:colcon.colcon_core.verb:set package 'ece470labs' build argument 'cmake_args' from command line to 'None'
[0.232s] Level 5:colcon.colcon_core.verb:set package 'ece470labs' build argument 'cmake_target' from command line to 'None'
[0.232s] Level 5:colcon.colcon_core.verb:set package 'ece470labs' build argument 'cmake_target_skip_unavailable' from command line to 'False'
[0.232s] Level 5:colcon.colcon_core.verb:set package 'ece470labs' build argument 'cmake_clean_cache' from command line to 'False'
[0.232s] Level 5:colcon.colcon_core.verb:set package 'ece470labs' build argument 'cmake_clean_first' from command line to 'False'
[0.232s] Level 5:colcon.colcon_core.verb:set package 'ece470labs' build argument 'cmake_force_configure' from command line to 'False'
[0.232s] Level 5:colcon.colcon_core.verb:set package 'ece470labs' build argument 'ament_cmake_args' from command line to 'None'
[0.232s] Level 5:colcon.colcon_core.verb:set package 'ece470labs' build argument 'catkin_cmake_args' from command line to 'None'
[0.232s] Level 5:colcon.colcon_core.verb:set package 'ece470labs' build argument 'catkin_skip_building_tests' from command line to 'False'
[0.232s] DEBUG:colcon.colcon_core.verb:Building package 'ece470labs' with the following arguments: {'ament_cmake_args': None, 'build_base': '/home/andrewe9/ECE470Labs/lab_files/build/ece470labs', 'catkin_cmake_args': None, 'catkin_skip_building_tests': False, 'cmake_args': None, 'cmake_clean_cache': False, 'cmake_clean_first': False, 'cmake_force_configure': False, 'cmake_target': None, 'cmake_target_skip_unavailable': False, 'install_base': '/home/andrewe9/ECE470Labs/lab_files/install/ece470labs', 'merge_install': False, 'path': '/home/andrewe9/ECE470Labs/lab_files/src/ece470labs', 'symlink_install': True, 'test_result_base': None}
[0.233s] INFO:colcon.colcon_core.executor:Executing jobs using 'parallel' executor
[0.233s] DEBUG:colcon.colcon_parallel_executor.executor.parallel:run_until_complete
[0.234s] INFO:colcon.colcon_ros.task.ament_python.build:Building ROS package in '/home/andrewe9/ECE470Labs/lab_files/src/ece470labs' with build type 'ament_python'
[0.234s] Level 1:colcon.colcon_core.shell:create_environment_hook('ece470labs', 'ament_prefix_path')
[0.235s] INFO:colcon.colcon_core.plugin_system:Skipping extension 'colcon_core.shell.bat': Not used on non-Windows systems
[0.235s] INFO:colcon.colcon_core.shell:Creating environment hook '/home/andrewe9/ECE470Labs/lab_files/install/ece470labs/share/ece470labs/hook/ament_prefix_path.ps1'
[0.236s] INFO:colcon.colcon_core.shell:Creating environment descriptor '/home/andrewe9/ECE470Labs/lab_files/install/ece470labs/share/ece470labs/hook/ament_prefix_path.dsv'
[0.237s] INFO:colcon.colcon_core.shell:Creating environment hook '/home/andrewe9/ECE470Labs/lab_files/install/ece470labs/share/ece470labs/hook/ament_prefix_path.sh'
[0.237s] INFO:colcon.colcon_core.shell:Skip shell extension 'powershell' for command environment: Not usable outside of PowerShell
[0.237s] DEBUG:colcon.colcon_core.shell:Skip shell extension 'dsv' for command environment
[0.469s] INFO:colcon.colcon_core.task.python.build:Building Python package in '/home/andrewe9/ECE470Labs/lab_files/src/ece470labs'
[0.470s] INFO:colcon.colcon_core.shell:Skip shell extension 'powershell' for command environment: Not usable outside of PowerShell
[0.470s] DEBUG:colcon.colcon_core.shell:Skip shell extension 'dsv' for command environment
[1.063s] DEBUG:colcon.colcon_core.task.python.build:Available setuptools commands: compile_catalog, build_ext, rotate, register, alias, extract_messages, develop, egg_info, install, install_headers, test, bdist, init_catalog, upload_docs, build, upload, install_lib, bdist_rpm, check, easy_install, bdist_dumb, install_scripts, dist_info, setopt, build_py, clean, bdist_wheel, install_data, sdist, build_scripts, editable_wheel, saveopts, update_catalog, symlink_data, build_clib, bdist_egg, install_egg_info
[1.389s] DEBUG:colcon.colcon_core.task.python.build:Available setuptools 'develop' options: --editable, --site-dirs, --record, --verbose, --no-find-links, --install-layout, --upgrade, --prefix, --no-deps, --help, --local-snapshots-ok, --optimize, --always-unzip, --build-directory, --version, --exclude-scripts, --quiet, --egg-path, --install-dir, --index-url, --uninstall, --multi-version, --find-links, --script-dir, --zip-ok, --user, --dry-run, --allow-hosts, --force-installation-into-system-dir, --always-copy, --no-user-cfg
[1.391s] DEBUG:colcon.colcon_core.event_handler.log_command:Invoking command in '/home/andrewe9/ECE470Labs/lab_files/build/ece470labs': DEBUGINFOD_URLS=https://debuginfod.ubuntu.com PYTHONPATH=/home/andrewe9/ECE470Labs/lab_files/build/ece470labs/prefix_override:/usr/lib/python3/dist-packages/colcon_core/task/python/colcon_distutils_commands:/home/andrewe9/ECE470Labs/lab_files/install/ece470labs/lib/python3.12/site-packages: /usr/bin/python3 -W ignore:setup.py install is deprecated -W ignore:easy_install command is deprecated setup.py develop --editable --build-directory /home/andrewe9/ECE470Labs/lab_files/build/ece470labs/build --no-deps symlink_data
[1.883s] Level 1:colcon.colcon_core.shell:create_environment_hook('ece470labs', 'pythonpath_develop')
[1.883s] INFO:colcon.colcon_core.shell:Creating environment hook '/home/andrewe9/ECE470Labs/lab_files/build/ece470labs/share/ece470labs/hook/pythonpath_develop.ps1'
[1.883s] DEBUG:colcon.colcon_core.event_handler.log_command:Invoked command in '/home/andrewe9/ECE470Labs/lab_files/build/ece470labs' returned '0': DEBUGINFOD_URLS=https://debuginfod.ubuntu.com PYTHONPATH=/home/andrewe9/ECE470Labs/lab_files/build/ece470labs/prefix_override:/usr/lib/python3/dist-packages/colcon_core/task/python/colcon_distutils_commands:/home/andrewe9/ECE470Labs/lab_files/install/ece470labs/lib/python3.12/site-packages: /usr/bin/python3 -W ignore:setup.py install is deprecated -W ignore:easy_install command is deprecated setup.py develop --editable --build-directory /home/andrewe9/ECE470Labs/lab_files/build/ece470labs/build --no-deps symlink_data
[1.884s] INFO:colcon.colcon_core.shell:Creating environment descriptor '/home/andrewe9/ECE470Labs/lab_files/build/ece470labs/share/ece470labs/hook/pythonpath_develop.dsv'
[1.884s] INFO:colcon.colcon_core.shell:Creating environment hook '/home/andrewe9/ECE470Labs/lab_files/build/ece470labs/share/ece470labs/hook/pythonpath_develop.sh'
[1.896s] Level 1:colcon.colcon_core.environment:checking '/home/andrewe9/ECE470Labs/lab_files/install/ece470labs' for CMake module files
[1.896s] Level 1:colcon.colcon_core.environment:checking '/home/andrewe9/ECE470Labs/lab_files/install/ece470labs' for CMake config files
[1.897s] Level 1:colcon.colcon_core.environment:checking '/home/andrewe9/ECE470Labs/lab_files/install/ece470labs/lib'
[1.897s] Level 1:colcon.colcon_core.environment:checking '/home/andrewe9/ECE470Labs/lab_files/install/ece470labs/bin'
[1.897s] Level 1:colcon.colcon_core.environment:checking '/home/andrewe9/ECE470Labs/lab_files/install/ece470labs/lib/pkgconfig/ece470labs.pc'
[1.897s] Level 1:colcon.colcon_core.environment:checking '/home/andrewe9/ECE470Labs/lab_files/install/ece470labs/lib/python3.12/site-packages'
[1.897s] Level 1:colcon.colcon_core.shell:create_environment_hook('ece470labs', 'pythonpath')
[1.897s] INFO:colcon.colcon_core.shell:Creating environment hook '/home/andrewe9/ECE470Labs/lab_files/install/ece470labs/share/ece470labs/hook/pythonpath.ps1'
[1.898s] INFO:colcon.colcon_core.shell:Creating environment descriptor '/home/andrewe9/ECE470Labs/lab_files/install/ece470labs/share/ece470labs/hook/pythonpath.dsv'
[1.898s] INFO:colcon.colcon_core.shell:Creating environment hook '/home/andrewe9/ECE470Labs/lab_files/install/ece470labs/share/ece470labs/hook/pythonpath.sh'
[1.898s] Level 1:colcon.colcon_core.environment:checking '/home/andrewe9/ECE470Labs/lab_files/install/ece470labs/bin'
[1.898s] Level 1:colcon.colcon_core.environment:create_environment_scripts_only(ece470labs)
[1.899s] INFO:colcon.colcon_core.shell:Creating package script '/home/andrewe9/ECE470Labs/lab_files/install/ece470labs/share/ece470labs/package.ps1'
[1.899s] INFO:colcon.colcon_core.shell:Creating package descriptor '/home/andrewe9/ECE470Labs/lab_files/install/ece470labs/share/ece470labs/package.dsv'
[1.900s] INFO:colcon.colcon_core.shell:Creating package script '/home/andrewe9/ECE470Labs/lab_files/install/ece470labs/share/ece470labs/package.sh'
[1.901s] INFO:colcon.colcon_core.shell:Creating package script '/home/andrewe9/ECE470Labs/lab_files/install/ece470labs/share/ece470labs/package.bash'
[1.901s] INFO:colcon.colcon_core.shell:Creating package script '/home/andrewe9/ECE470Labs/lab_files/install/ece470labs/share/ece470labs/package.zsh'
[1.902s] Level 1:colcon.colcon_core.environment:create_file_with_runtime_dependencies(/home/andrewe9/ECE470Labs/lab_files/install/ece470labs/share/colcon-core/packages/ece470labs)
[1.902s] DEBUG:colcon.colcon_parallel_executor.executor.parallel:closing loop
[1.902s] DEBUG:colcon.colcon_parallel_executor.executor.parallel:loop closed
[1.902s] DEBUG:colcon.colcon_parallel_executor.executor.parallel:run_until_complete finished with '0'
[1.902s] DEBUG:colcon.colcon_core.event_reactor:joining thread
[1.907s] INFO:colcon.colcon_core.plugin_system:Skipping extension 'colcon_notification.desktop_notification.terminal_notifier': Not used on non-Darwin systems
[1.907s] INFO:colcon.colcon_core.plugin_system:Skipping extension 'colcon_notification.desktop_notification.win32': Not used on non-Windows systems
[1.907s] INFO:colcon.colcon_notification.desktop_notification:Sending desktop notification using 'notify2'
[1.918s] DEBUG:colcon.colcon_core.event_reactor:joined thread
[1.918s] INFO:colcon.colcon_core.shell:Creating prefix script '/home/andrewe9/ECE470Labs/lab_files/install/local_setup.ps1'
[1.918s] INFO:colcon.colcon_core.shell:Creating prefix util module '/home/andrewe9/ECE470Labs/lab_files/install/_local_setup_util_ps1.py'
[1.919s] INFO:colcon.colcon_core.shell:Creating prefix chain script '/home/andrewe9/ECE470Labs/lab_files/install/setup.ps1'
[1.920s] INFO:colcon.colcon_core.shell:Creating prefix script '/home/andrewe9/ECE470Labs/lab_files/install/local_setup.sh'
[1.920s] INFO:colcon.colcon_core.shell:Creating prefix util module '/home/andrewe9/ECE470Labs/lab_files/install/_local_setup_util_sh.py'
[1.920s] INFO:colcon.colcon_core.shell:Creating prefix chain script '/home/andrewe9/ECE470Labs/lab_files/install/setup.sh'
[1.921s] INFO:colcon.colcon_core.shell:Creating prefix script '/home/andrewe9/ECE470Labs/lab_files/install/local_setup.bash'
[1.922s] INFO:colcon.colcon_core.shell:Creating prefix chain script '/home/andrewe9/ECE470Labs/lab_files/install/setup.bash'
[1.922s] INFO:colcon.colcon_core.shell:Creating prefix script '/home/andrewe9/ECE470Labs/lab_files/install/local_setup.zsh'
[1.923s] INFO:colcon.colcon_core.shell:Creating prefix chain script '/home/andrewe9/ECE470Labs/lab_files/install/setup.zsh'
