running develop
running egg_info
creating ece470labs.egg-info
writing ece470labs.egg-info/PKG-INFO
writing dependency_links to ece470labs.egg-info/dependency_links.txt
writing entry points to ece470labs.egg-info/entry_points.txt
writing requirements to ece470labs.egg-info/requires.txt
writing top-level names to ece470labs.egg-info/top_level.txt
writing manifest file 'ece470labs.egg-info/SOURCES.txt'
reading manifest file 'ece470labs.egg-info/SOURCES.txt'
writing manifest file 'ece470labs.egg-info/SOURCES.txt'
running build_ext
Creating /home/andrewe9/ECE470Labs/lab_files/install/ece470labs/lib/python3.12/site-packages/ece470labs.egg-link (link to .)
Installing lab2_exec script to /home/andrewe9/ECE470Labs/lab_files/install/ece470labs/lib/ece470labs
Installing lab3_exec script to /home/andrewe9/ECE470Labs/lab_files/install/ece470labs/lib/ece470labs
Installing lab4_exec script to /home/andrewe9/ECE470Labs/lab_files/install/ece470labs/lib/ece470labs
Installing lab5_exec script to /home/andrewe9/ECE470Labs/lab_files/install/ece470labs/lib/ece470labs

Installed /home/andrewe9/ECE470Labs/lab_files/build/ece470labs
running symlink_data
creating /home/andrewe9/ECE470Labs/lab_files/install/ece470labs/share/ament_index
creating /home/andrewe9/ECE470Labs/lab_files/install/ece470labs/share/ament_index/resource_index
creating /home/andrewe9/ECE470Labs/lab_files/install/ece470labs/share/ament_index/resource_index/packages
symbolically linking /home/andrewe9/ECE470Labs/lab_files/build/ece470labs/resource/ece470labs -> /home/andrewe9/ECE470Labs/lab_files/install/ece470labs/share/ament_index/resource_index/packages
symbolically linking /home/andrewe9/ECE470Labs/lab_files/build/ece470labs/package.xml -> /home/andrewe9/ECE470Labs/lab_files/install/ece470labs/share/ece470labs
