[1.157s] Invoking command in '/home/andrewe9/ECE470Labs/lab_files/build/ece470labs': DEBUGINFOD_URLS=https://debuginfod.ubuntu.com PYTHONPATH=/home/andrewe9/ECE470Labs/lab_files/build/ece470labs/prefix_override:/usr/lib/python3/dist-packages/colcon_core/task/python/colcon_distutils_commands:/home/andrewe9/ECE470Labs/lab_files/install/ece470labs/lib/python3.12/site-packages: /usr/bin/python3 -W ignore:setup.py install is deprecated -W ignore:easy_install command is deprecated setup.py develop --editable --build-directory /home/andrewe9/ECE470Labs/lab_files/build/ece470labs/build --no-deps symlink_data
[1.466s] running develop
[1.563s] running egg_info
[1.563s] creating ece470labs.egg-info
[1.572s] writing ece470labs.egg-info/PKG-INFO
[1.573s] writing dependency_links to ece470labs.egg-info/dependency_links.txt
[1.574s] writing entry points to ece470labs.egg-info/entry_points.txt
[1.574s] writing requirements to ece470labs.egg-info/requires.txt
[1.574s] writing top-level names to ece470labs.egg-info/top_level.txt
[1.574s] writing manifest file 'ece470labs.egg-info/SOURCES.txt'
[1.602s] reading manifest file 'ece470labs.egg-info/SOURCES.txt'
[1.603s] writing manifest file 'ece470labs.egg-info/SOURCES.txt'
[1.622s] running build_ext
[1.623s] Creating /home/andrewe9/ECE470Labs/lab_files/install/ece470labs/lib/python3.12/site-packages/ece470labs.egg-link (link to .)
[1.623s] Installing lab2_exec script to /home/andrewe9/ECE470Labs/lab_files/install/ece470labs/lib/ece470labs
[1.623s] Installing lab3_exec script to /home/andrewe9/ECE470Labs/lab_files/install/ece470labs/lib/ece470labs
[1.623s] Installing lab4_exec script to /home/andrewe9/ECE470Labs/lab_files/install/ece470labs/lib/ece470labs
[1.623s] Installing lab5_exec script to /home/andrewe9/ECE470Labs/lab_files/install/ece470labs/lib/ece470labs
[1.624s] 
[1.624s] Installed /home/andrewe9/ECE470Labs/lab_files/build/ece470labs
[1.624s] running symlink_data
[1.624s] creating /home/andrewe9/ECE470Labs/lab_files/install/ece470labs/share/ament_index
[1.624s] creating /home/andrewe9/ECE470Labs/lab_files/install/ece470labs/share/ament_index/resource_index
[1.624s] creating /home/andrewe9/ECE470Labs/lab_files/install/ece470labs/share/ament_index/resource_index/packages
[1.624s] symbolically linking /home/andrewe9/ECE470Labs/lab_files/build/ece470labs/resource/ece470labs -> /home/andrewe9/ECE470Labs/lab_files/install/ece470labs/share/ament_index/resource_index/packages
[1.624s] symbolically linking /home/andrewe9/ECE470Labs/lab_files/build/ece470labs/package.xml -> /home/andrewe9/ECE470Labs/lab_files/install/ece470labs/share/ece470labs
[1.649s] Invoked command in '/home/andrewe9/ECE470Labs/lab_files/build/ece470labs' returned '0': DEBUGINFOD_URLS=https://debuginfod.ubuntu.com PYTHONPATH=/home/andrewe9/ECE470Labs/lab_files/build/ece470labs/prefix_override:/usr/lib/python3/dist-packages/colcon_core/task/python/colcon_distutils_commands:/home/andrewe9/ECE470Labs/lab_files/install/ece470labs/lib/python3.12/site-packages: /usr/bin/python3 -W ignore:setup.py install is deprecated -W ignore:easy_install command is deprecated setup.py develop --editable --build-directory /home/andrewe9/ECE470Labs/lab_files/build/ece470labs/build --no-deps symlink_data
